================================================================================
Causal gMLP Training
================================================================================
{
  "task": "induction",
  "length": "short",
  "block_size": 128,
  "batch_size": 64,
  "max_steps": 20000,
  "learning_rate": 0.0003,
  "warmup_steps": 200,
  "lr_decay_steps": 50000,
  "weight_decay": 0.01,
  "grad_clip": 1.0,
  "seed": 42,
  "data_path": "./data/tinyshakespeare/input.txt",
  "data_dir": "./data",
  "output_dir": "./results",
  "log_interval": 100,
  "eval_interval": 500,
  "dropout": 0.05,
  "save_checkpoint": false
}
================================================================================
Using device: cuda
Loading induction task (short) from ./data...
Train batches: 157, Val batches: 16
Created Causal gMLP model:
  Vocab size: 27
  Sequence length: 128
  d_model: 128
  d_ffn: 512
  Layers: 4
  Parameters: 484,992

Model has 484,992 parameters

Starting training for 20000 steps...
Task: induction, Block size: 128, Batch size: 64
Step     0/20000 | Loss: 3.2432 | LR: 0.000001 | Time: 0.4s
  Validation | Loss: 3.2402 | PPL: 25.5383
Step   100/20000 | Loss: 2.8981 | LR: 0.000151 | Time: 1.2s
Step   200/20000 | Loss: 2.8371 | LR: 0.000300 | Time: 2.0s
Step   300/20000 | Loss: 2.8302 | LR: 0.000300 | Time: 2.8s
Step   400/20000 | Loss: 2.8128 | LR: 0.000300 | Time: 3.6s
Step   500/20000 | Loss: 2.7290 | LR: 0.000300 | Time: 4.4s
  Validation | Loss: 2.7298 | PPL: 15.3305
Step   600/20000 | Loss: 2.7145 | LR: 0.000300 | Time: 5.2s
Step   700/20000 | Loss: 2.7061 | LR: 0.000300 | Time: 6.0s
Step   800/20000 | Loss: 2.7049 | LR: 0.000300 | Time: 6.8s
Step   900/20000 | Loss: 2.7025 | LR: 0.000300 | Time: 7.6s
Step  1000/20000 | Loss: 2.7005 | LR: 0.000300 | Time: 8.4s
  Validation | Loss: 2.7072 | PPL: 14.9878
Step  1100/20000 | Loss: 2.6956 | LR: 0.000300 | Time: 9.2s
Step  1200/20000 | Loss: 2.6985 | LR: 0.000300 | Time: 10.0s
Step  1300/20000 | Loss: 2.6970 | LR: 0.000300 | Time: 10.8s
Step  1400/20000 | Loss: 2.6962 | LR: 0.000300 | Time: 11.5s
Step  1500/20000 | Loss: 2.6931 | LR: 0.000300 | Time: 12.3s
  Validation | Loss: 2.7082 | PPL: 15.0021
Step  1600/20000 | Loss: 2.6885 | LR: 0.000299 | Time: 13.2s
Step  1700/20000 | Loss: 2.6928 | LR: 0.000299 | Time: 14.0s
Step  1800/20000 | Loss: 2.6895 | LR: 0.000299 | Time: 14.8s
Step  1900/20000 | Loss: 2.6790 | LR: 0.000299 | Time: 15.7s
Step  2000/20000 | Loss: 2.6907 | LR: 0.000299 | Time: 16.6s
  Validation | Loss: 2.7125 | PPL: 15.0671
Step  2100/20000 | Loss: 2.6846 | LR: 0.000299 | Time: 17.4s
Step  2200/20000 | Loss: 2.6705 | LR: 0.000299 | Time: 18.2s
Step  2300/20000 | Loss: 2.6854 | LR: 0.000299 | Time: 19.0s
Step  2400/20000 | Loss: 2.6802 | LR: 0.000299 | Time: 19.7s
Step  2500/20000 | Loss: 2.6769 | LR: 0.000299 | Time: 20.5s
  Validation | Loss: 2.7208 | PPL: 15.1920
Step  2600/20000 | Loss: 2.6729 | LR: 0.000298 | Time: 21.3s
Step  2700/20000 | Loss: 2.6562 | LR: 0.000298 | Time: 22.1s
Step  2800/20000 | Loss: 2.6727 | LR: 0.000298 | Time: 22.8s
Step  2900/20000 | Loss: 2.6629 | LR: 0.000298 | Time: 23.6s
Step  3000/20000 | Loss: 2.6420 | LR: 0.000298 | Time: 24.4s
  Validation | Loss: 2.7727 | PPL: 16.0011
Step  3100/20000 | Loss: 2.6506 | LR: 0.000298 | Time: 25.2s
Step  3200/20000 | Loss: 2.6359 | LR: 0.000298 | Time: 26.0s
Step  3300/20000 | Loss: 2.6203 | LR: 0.000297 | Time: 26.8s
Step  3400/20000 | Loss: 2.6412 | LR: 0.000297 | Time: 27.5s
Step  3500/20000 | Loss: 2.6199 | LR: 0.000297 | Time: 28.2s
  Validation | Loss: 2.7793 | PPL: 16.1083
Step  3600/20000 | Loss: 2.6327 | LR: 0.000297 | Time: 28.9s
Step  3700/20000 | Loss: 2.6191 | LR: 0.000297 | Time: 29.6s
Step  3800/20000 | Loss: 2.6009 | LR: 0.000297 | Time: 30.2s
Step  3900/20000 | Loss: 2.6201 | LR: 0.000296 | Time: 30.9s
Step  4000/20000 | Loss: 2.6106 | LR: 0.000296 | Time: 31.6s
  Validation | Loss: 2.7964 | PPL: 16.3854
Step  4100/20000 | Loss: 2.5785 | LR: 0.000296 | Time: 32.4s
Step  4200/20000 | Loss: 2.6044 | LR: 0.000296 | Time: 33.1s
Step  4300/20000 | Loss: 2.6011 | LR: 0.000296 | Time: 33.9s
Step  4400/20000 | Loss: 2.5585 | LR: 0.000295 | Time: 34.7s
Step  4500/20000 | Loss: 2.5879 | LR: 0.000295 | Time: 35.4s
  Validation | Loss: 2.8123 | PPL: 16.6480
Step  4600/20000 | Loss: 2.5677 | LR: 0.000295 | Time: 36.2s
Step  4700/20000 | Loss: 2.5843 | LR: 0.000295 | Time: 37.0s
Step  4800/20000 | Loss: 2.5774 | LR: 0.000294 | Time: 37.8s
Step  4900/20000 | Loss: 2.5527 | LR: 0.000294 | Time: 38.5s
Step  5000/20000 | Loss: 2.5751 | LR: 0.000294 | Time: 39.1s
  Validation | Loss: 2.8243 | PPL: 16.8496
Step  5100/20000 | Loss: 2.5641 | LR: 0.000294 | Time: 39.9s
Step  5200/20000 | Loss: 2.5389 | LR: 0.000293 | Time: 40.6s
Step  5300/20000 | Loss: 2.5688 | LR: 0.000293 | Time: 41.4s
Step  5400/20000 | Loss: 2.5549 | LR: 0.000293 | Time: 42.1s
Step  5500/20000 | Loss: 2.5198 | LR: 0.000293 | Time: 42.9s
  Validation | Loss: 2.8540 | PPL: 17.3566
Step  5600/20000 | Loss: 2.5580 | LR: 0.000292 | Time: 43.8s
Step  5700/20000 | Loss: 2.5385 | LR: 0.000292 | Time: 44.5s
Step  5800/20000 | Loss: 2.5768 | LR: 0.000292 | Time: 45.3s
Step  5900/20000 | Loss: 2.5410 | LR: 0.000291 | Time: 46.1s
Step  6000/20000 | Loss: 2.5215 | LR: 0.000291 | Time: 46.8s
  Validation | Loss: 2.8747 | PPL: 17.7202
Step  6100/20000 | Loss: 2.5565 | LR: 0.000291 | Time: 47.7s
Step  6200/20000 | Loss: 2.5292 | LR: 0.000290 | Time: 48.5s
Step  6300/20000 | Loss: 2.5082 | LR: 0.000290 | Time: 49.4s
Step  6400/20000 | Loss: 2.5412 | LR: 0.000290 | Time: 50.1s
Step  6500/20000 | Loss: 2.5143 | LR: 0.000289 | Time: 50.9s
  Validation | Loss: 2.8790 | PPL: 17.7960
Step  6600/20000 | Loss: 2.4820 | LR: 0.000289 | Time: 51.7s
Step  6700/20000 | Loss: 2.5415 | LR: 0.000289 | Time: 52.4s
Step  6800/20000 | Loss: 2.5072 | LR: 0.000288 | Time: 53.2s
Step  6900/20000 | Loss: 2.5341 | LR: 0.000288 | Time: 54.0s
Step  7000/20000 | Loss: 2.5265 | LR: 0.000288 | Time: 54.8s
  Validation | Loss: 2.8847 | PPL: 17.8980
Step  7100/20000 | Loss: 2.4825 | LR: 0.000287 | Time: 55.6s
Step  7200/20000 | Loss: 2.5259 | LR: 0.000287 | Time: 56.4s
Step  7300/20000 | Loss: 2.5155 | LR: 0.000287 | Time: 57.2s
Step  7400/20000 | Loss: 2.4903 | LR: 0.000286 | Time: 58.0s
Step  7500/20000 | Loss: 2.5216 | LR: 0.000286 | Time: 58.7s
  Validation | Loss: 2.8862 | PPL: 17.9244
Step  7600/20000 | Loss: 2.5068 | LR: 0.000286 | Time: 59.6s
Step  7700/20000 | Loss: 2.4788 | LR: 0.000285 | Time: 60.5s
Step  7800/20000 | Loss: 2.5102 | LR: 0.000285 | Time: 61.2s
Step  7900/20000 | Loss: 2.4851 | LR: 0.000284 | Time: 62.0s
Step  8000/20000 | Loss: 2.5270 | LR: 0.000284 | Time: 62.7s
  Validation | Loss: 2.8890 | PPL: 17.9748
Step  8100/20000 | Loss: 2.5094 | LR: 0.000284 | Time: 63.5s
Step  8200/20000 | Loss: 2.4784 | LR: 0.000283 | Time: 64.2s
Step  8300/20000 | Loss: 2.5086 | LR: 0.000283 | Time: 65.0s
Step  8400/20000 | Loss: 2.5016 | LR: 0.000282 | Time: 65.9s
Step  8500/20000 | Loss: 2.4720 | LR: 0.000282 | Time: 66.7s
  Validation | Loss: 2.9261 | PPL: 18.6540
Step  8600/20000 | Loss: 2.5079 | LR: 0.000281 | Time: 67.5s
Step  8700/20000 | Loss: 2.4858 | LR: 0.000281 | Time: 68.3s
Step  8800/20000 | Loss: 2.4549 | LR: 0.000281 | Time: 69.1s
Step  8900/20000 | Loss: 2.4986 | LR: 0.000280 | Time: 69.8s
Step  9000/20000 | Loss: 2.4757 | LR: 0.000280 | Time: 70.6s
  Validation | Loss: 2.9311 | PPL: 18.7477
Step  9100/20000 | Loss: 2.5162 | LR: 0.000279 | Time: 71.5s
Step  9200/20000 | Loss: 2.4983 | LR: 0.000279 | Time: 72.3s
Step  9300/20000 | Loss: 2.4715 | LR: 0.000278 | Time: 73.0s
Step  9400/20000 | Loss: 2.5098 | LR: 0.000278 | Time: 73.7s
Step  9500/20000 | Loss: 2.4904 | LR: 0.000277 | Time: 74.4s
  Validation | Loss: 2.9265 | PPL: 18.6626
Step  9600/20000 | Loss: 2.4664 | LR: 0.000277 | Time: 75.2s
Step  9700/20000 | Loss: 2.5055 | LR: 0.000276 | Time: 75.9s
Step  9800/20000 | Loss: 2.4873 | LR: 0.000276 | Time: 76.6s
Step  9900/20000 | Loss: 2.4384 | LR: 0.000275 | Time: 77.3s
Step 10000/20000 | Loss: 2.4810 | LR: 0.000275 | Time: 78.0s
  Validation | Loss: 2.9235 | PPL: 18.6070
Step 10100/20000 | Loss: 2.4802 | LR: 0.000275 | Time: 78.7s
Step 10200/20000 | Loss: 2.4879 | LR: 0.000274 | Time: 79.4s
Step 10300/20000 | Loss: 2.4903 | LR: 0.000274 | Time: 80.0s
Step 10400/20000 | Loss: 2.4522 | LR: 0.000273 | Time: 80.7s
Step 10500/20000 | Loss: 2.4881 | LR: 0.000272 | Time: 81.4s
  Validation | Loss: 2.9209 | PPL: 18.5580
Step 10600/20000 | Loss: 2.4749 | LR: 0.000272 | Time: 82.2s
Step 10700/20000 | Loss: 2.4437 | LR: 0.000271 | Time: 82.9s
Step 10800/20000 | Loss: 2.4876 | LR: 0.000271 | Time: 83.6s
Step 10900/20000 | Loss: 2.4808 | LR: 0.000270 | Time: 84.3s
Step 11000/20000 | Loss: 2.4501 | LR: 0.000270 | Time: 85.0s
  Validation | Loss: 2.9594 | PPL: 19.2858
Step 11100/20000 | Loss: 2.4726 | LR: 0.000269 | Time: 85.7s
Step 11200/20000 | Loss: 2.4668 | LR: 0.000269 | Time: 86.4s
Step 11300/20000 | Loss: 2.4793 | LR: 0.000268 | Time: 87.1s
Step 11400/20000 | Loss: 2.4863 | LR: 0.000268 | Time: 87.8s
Step 11500/20000 | Loss: 2.4489 | LR: 0.000267 | Time: 88.5s
  Validation | Loss: 2.9573 | PPL: 19.2455
Step 11600/20000 | Loss: 2.4790 | LR: 0.000267 | Time: 89.3s
Step 11700/20000 | Loss: 2.4844 | LR: 0.000266 | Time: 90.0s
Step 11800/20000 | Loss: 2.4434 | LR: 0.000265 | Time: 90.7s
Step 11900/20000 | Loss: 2.4718 | LR: 0.000265 | Time: 91.4s
Step 12000/20000 | Loss: 2.4686 | LR: 0.000264 | Time: 92.1s
  Validation | Loss: 2.9555 | PPL: 19.2121
Step 12100/20000 | Loss: 2.4328 | LR: 0.000264 | Time: 92.8s
Step 12200/20000 | Loss: 2.4782 | LR: 0.000263 | Time: 93.5s
Step 12300/20000 | Loss: 2.4682 | LR: 0.000263 | Time: 94.2s
Step 12400/20000 | Loss: 2.4789 | LR: 0.000262 | Time: 94.9s
Step 12500/20000 | Loss: 2.4763 | LR: 0.000261 | Time: 95.6s
  Validation | Loss: 2.9535 | PPL: 19.1737
Step 12600/20000 | Loss: 2.4387 | LR: 0.000261 | Time: 96.4s
Step 12700/20000 | Loss: 2.4752 | LR: 0.000260 | Time: 97.1s
Step 12800/20000 | Loss: 2.4683 | LR: 0.000260 | Time: 97.8s
Step 12900/20000 | Loss: 2.4517 | LR: 0.000259 | Time: 98.5s
Step 13000/20000 | Loss: 2.4710 | LR: 0.000258 | Time: 99.2s
  Validation | Loss: 2.9425 | PPL: 18.9637
Step 13100/20000 | Loss: 2.4474 | LR: 0.000258 | Time: 99.9s
Step 13200/20000 | Loss: 2.4337 | LR: 0.000257 | Time: 100.6s
Step 13300/20000 | Loss: 2.4625 | LR: 0.000256 | Time: 101.3s
Step 13400/20000 | Loss: 2.4467 | LR: 0.000256 | Time: 102.0s
Step 13500/20000 | Loss: 2.4723 | LR: 0.000255 | Time: 102.7s
  Validation | Loss: 2.9465 | PPL: 19.0384
Step 13600/20000 | Loss: 2.4558 | LR: 0.000255 | Time: 103.4s
Step 13700/20000 | Loss: 2.4366 | LR: 0.000254 | Time: 104.2s
Step 13800/20000 | Loss: 2.4652 | LR: 0.000253 | Time: 104.9s
Step 13900/20000 | Loss: 2.4480 | LR: 0.000253 | Time: 105.6s
Step 14000/20000 | Loss: 2.4380 | LR: 0.000252 | Time: 106.3s
  Validation | Loss: 2.9814 | PPL: 19.7163
Step 14100/20000 | Loss: 2.4666 | LR: 0.000251 | Time: 107.0s
Step 14200/20000 | Loss: 2.4536 | LR: 0.000251 | Time: 107.7s
Step 14300/20000 | Loss: 2.4327 | LR: 0.000250 | Time: 108.4s
Step 14400/20000 | Loss: 2.4514 | LR: 0.000249 | Time: 109.1s
Step 14500/20000 | Loss: 2.4421 | LR: 0.000249 | Time: 109.9s
  Validation | Loss: 2.9708 | PPL: 19.5070
Step 14600/20000 | Loss: 2.4841 | LR: 0.000248 | Time: 110.6s
Step 14700/20000 | Loss: 2.4651 | LR: 0.000247 | Time: 111.3s
Step 14800/20000 | Loss: 2.4406 | LR: 0.000247 | Time: 112.0s
Step 14900/20000 | Loss: 2.4732 | LR: 0.000246 | Time: 112.7s
Step 15000/20000 | Loss: 2.4449 | LR: 0.000245 | Time: 113.3s
  Validation | Loss: 2.9725 | PPL: 19.5413
Step 15100/20000 | Loss: 2.4328 | LR: 0.000245 | Time: 114.1s
Step 15200/20000 | Loss: 2.4572 | LR: 0.000244 | Time: 114.8s
Step 15300/20000 | Loss: 2.4426 | LR: 0.000243 | Time: 115.5s
Step 15400/20000 | Loss: 2.4224 | LR: 0.000243 | Time: 116.2s
Step 15500/20000 | Loss: 2.4538 | LR: 0.000242 | Time: 116.9s
  Validation | Loss: 2.9678 | PPL: 19.4498
Step 15600/20000 | Loss: 2.4647 | LR: 0.000241 | Time: 117.7s
Step 15700/20000 | Loss: 2.4210 | LR: 0.000240 | Time: 118.4s
Step 15800/20000 | Loss: 2.4452 | LR: 0.000240 | Time: 119.1s
Step 15900/20000 | Loss: 2.4197 | LR: 0.000239 | Time: 119.8s
Step 16000/20000 | Loss: 2.4465 | LR: 0.000238 | Time: 120.5s
  Validation | Loss: 2.9687 | PPL: 19.4666
Step 16100/20000 | Loss: 2.4495 | LR: 0.000238 | Time: 121.2s
Step 16200/20000 | Loss: 2.4238 | LR: 0.000237 | Time: 121.9s
Step 16300/20000 | Loss: 2.4624 | LR: 0.000236 | Time: 122.6s
Step 16400/20000 | Loss: 2.4267 | LR: 0.000235 | Time: 123.3s
Step 16500/20000 | Loss: 2.4112 | LR: 0.000235 | Time: 124.0s
  Validation | Loss: 3.0026 | PPL: 20.1379
Step 16600/20000 | Loss: 2.4449 | LR: 0.000234 | Time: 124.7s
Step 16700/20000 | Loss: 2.4475 | LR: 0.000233 | Time: 125.4s
Step 16800/20000 | Loss: 2.4015 | LR: 0.000232 | Time: 126.1s
Step 16900/20000 | Loss: 2.4547 | LR: 0.000232 | Time: 126.8s
Step 17000/20000 | Loss: 2.4236 | LR: 0.000231 | Time: 127.5s
  Validation | Loss: 2.9956 | PPL: 19.9964
Step 17100/20000 | Loss: 2.4604 | LR: 0.000230 | Time: 128.2s
Step 17200/20000 | Loss: 2.4379 | LR: 0.000230 | Time: 128.9s
Step 17300/20000 | Loss: 2.4240 | LR: 0.000229 | Time: 129.6s
Step 17400/20000 | Loss: 2.4357 | LR: 0.000228 | Time: 130.3s
Step 17500/20000 | Loss: 2.4225 | LR: 0.000227 | Time: 131.0s
  Validation | Loss: 2.9907 | PPL: 19.8993
Step 17600/20000 | Loss: 2.3885 | LR: 0.000227 | Time: 131.8s
Step 17700/20000 | Loss: 2.4490 | LR: 0.000226 | Time: 132.5s
Step 17800/20000 | Loss: 2.4374 | LR: 0.000225 | Time: 133.1s
Step 17900/20000 | Loss: 2.4105 | LR: 0.000224 | Time: 133.8s
Step 18000/20000 | Loss: 2.4460 | LR: 0.000223 | Time: 134.6s
  Validation | Loss: 2.9873 | PPL: 19.8323
Step 18100/20000 | Loss: 2.4286 | LR: 0.000223 | Time: 135.3s
Step 18200/20000 | Loss: 2.4443 | LR: 0.000222 | Time: 136.0s
Step 18300/20000 | Loss: 2.4451 | LR: 0.000221 | Time: 136.7s
Step 18400/20000 | Loss: 2.3999 | LR: 0.000220 | Time: 137.4s
Step 18500/20000 | Loss: 2.4469 | LR: 0.000220 | Time: 138.0s
  Validation | Loss: 2.9806 | PPL: 19.6994
Step 18600/20000 | Loss: 2.4321 | LR: 0.000219 | Time: 138.7s
Step 18700/20000 | Loss: 2.4041 | LR: 0.000218 | Time: 139.4s
Step 18800/20000 | Loss: 2.4471 | LR: 0.000217 | Time: 140.1s
Step 18900/20000 | Loss: 2.4152 | LR: 0.000216 | Time: 140.8s
Step 19000/20000 | Loss: 2.4112 | LR: 0.000216 | Time: 141.5s
  Validation | Loss: 2.9884 | PPL: 19.8537
Step 19100/20000 | Loss: 2.4272 | LR: 0.000215 | Time: 142.2s
Step 19200/20000 | Loss: 2.4146 | LR: 0.000214 | Time: 142.9s
Step 19300/20000 | Loss: 2.4408 | LR: 0.000213 | Time: 143.6s
Step 19400/20000 | Loss: 2.4332 | LR: 0.000212 | Time: 144.3s
Step 19500/20000 | Loss: 2.4261 | LR: 0.000212 | Time: 145.0s
  Validation | Loss: 3.0088 | PPL: 20.2631
Step 19600/20000 | Loss: 2.4402 | LR: 0.000211 | Time: 145.7s
Step 19700/20000 | Loss: 2.4284 | LR: 0.000210 | Time: 146.4s
Step 19800/20000 | Loss: 2.4056 | LR: 0.000209 | Time: 147.1s
Step 19900/20000 | Loss: 2.4423 | LR: 0.000208 | Time: 147.8s
Step 19999/20000 | Loss: 2.4450 | LR: 0.000208 | Time: 148.5s
  Validation | Loss: 3.0025 | PPL: 20.1363

Final evaluation on full validation set...
  Overall PPL: 20.1363
  Discriminating PPL: 1.0411
  Accuracy: 0.9910

Results saved to ./results/gmlp_induction_short_42.json
Total training time: 148.6s (2.5 min)
