================================================================================
Causal gMLP Training
================================================================================
{
  "task": "copy",
  "length": "short",
  "block_size": 144,
  "batch_size": 64,
  "max_steps": 5000,
  "learning_rate": 0.0003,
  "warmup_steps": 200,
  "lr_decay_steps": null,
  "weight_decay": 0.01,
  "grad_clip": 1.0,
  "seed": 42,
  "data_path": "./data/tinyshakespeare/input.txt",
  "data_dir": "./data",
  "output_dir": "./results",
  "log_interval": 100,
  "eval_interval": 500,
  "dropout": 0.05,
  "save_checkpoint": false
}
================================================================================
Using device: cuda
Loading long-range copy task (short) from ./data...
Train batches: 157, Val batches: 16
Created Causal gMLP model:
  Vocab size: 55
  Sequence length: 144
  d_model: 128
  d_ffn: 512
  Layers: 4
  Parameters: 508,096

Model has 508,096 parameters

Starting training for 5000 steps...
Task: copy, Block size: 144, Batch size: 64
Step     0/5000 | Loss: 3.9819 | LR: 0.000001 | Time: 0.4s
  Validation | Loss: 3.9829 | PPL: 53.6738
Step   100/5000 | Loss: 2.8557 | LR: 0.000151 | Time: 1.1s
Step   200/5000 | Loss: 2.5584 | LR: 0.000300 | Time: 1.9s
Step   300/5000 | Loss: 2.5244 | LR: 0.000300 | Time: 2.6s
Step   400/5000 | Loss: 2.5171 | LR: 0.000299 | Time: 3.3s
Step   500/5000 | Loss: 2.5128 | LR: 0.000297 | Time: 4.0s
  Validation | Loss: 2.5119 | PPL: 12.3287
Step   600/5000 | Loss: 2.4263 | LR: 0.000295 | Time: 4.7s
Step   700/5000 | Loss: 2.4048 | LR: 0.000293 | Time: 5.4s
Step   800/5000 | Loss: 2.3997 | LR: 0.000290 | Time: 6.2s
Step   900/5000 | Loss: 2.3978 | LR: 0.000286 | Time: 6.9s
Step  1000/5000 | Loss: 2.3961 | LR: 0.000282 | Time: 7.6s
  Validation | Loss: 2.3970 | PPL: 10.9906
Step  1100/5000 | Loss: 2.3968 | LR: 0.000277 | Time: 8.4s
Step  1200/5000 | Loss: 2.3966 | LR: 0.000272 | Time: 9.1s
Step  1300/5000 | Loss: 2.3951 | LR: 0.000266 | Time: 9.8s
Step  1400/5000 | Loss: 2.3943 | LR: 0.000260 | Time: 10.5s
Step  1500/5000 | Loss: 2.3927 | LR: 0.000254 | Time: 11.1s
  Validation | Loss: 2.3954 | PPL: 10.9730
Step  1600/5000 | Loss: 2.3915 | LR: 0.000247 | Time: 11.9s
Step  1700/5000 | Loss: 2.3941 | LR: 0.000240 | Time: 12.6s
Step  1800/5000 | Loss: 2.3941 | LR: 0.000232 | Time: 13.3s
Step  1900/5000 | Loss: 2.3898 | LR: 0.000225 | Time: 13.9s
Step  2000/5000 | Loss: 2.3900 | LR: 0.000217 | Time: 14.6s
  Validation | Loss: 2.3971 | PPL: 10.9908
Step  2100/5000 | Loss: 2.3903 | LR: 0.000208 | Time: 15.3s
Step  2200/5000 | Loss: 2.3841 | LR: 0.000200 | Time: 16.0s
Step  2300/5000 | Loss: 2.3870 | LR: 0.000191 | Time: 16.8s
Step  2400/5000 | Loss: 2.3847 | LR: 0.000183 | Time: 17.5s
Step  2500/5000 | Loss: 2.3869 | LR: 0.000174 | Time: 18.1s
  Validation | Loss: 2.4004 | PPL: 11.0275
Step  2600/5000 | Loss: 2.3833 | LR: 0.000165 | Time: 18.9s
Step  2700/5000 | Loss: 2.3807 | LR: 0.000156 | Time: 19.5s
Step  2800/5000 | Loss: 2.3817 | LR: 0.000147 | Time: 20.2s
Step  2900/5000 | Loss: 2.3800 | LR: 0.000139 | Time: 20.9s
Step  3000/5000 | Loss: 2.3750 | LR: 0.000130 | Time: 21.6s
  Validation | Loss: 2.4134 | PPL: 11.1716
Step  3100/5000 | Loss: 2.3768 | LR: 0.000122 | Time: 22.3s
Step  3200/5000 | Loss: 2.3738 | LR: 0.000113 | Time: 23.0s
Step  3300/5000 | Loss: 2.3677 | LR: 0.000105 | Time: 23.6s
Step  3400/5000 | Loss: 2.3717 | LR: 0.000097 | Time: 24.3s
Step  3500/5000 | Loss: 2.3689 | LR: 0.000090 | Time: 25.0s
  Validation | Loss: 2.4173 | PPL: 11.2152
Step  3600/5000 | Loss: 2.3749 | LR: 0.000083 | Time: 25.7s
Step  3700/5000 | Loss: 2.3657 | LR: 0.000076 | Time: 26.4s
Step  3800/5000 | Loss: 2.3601 | LR: 0.000069 | Time: 27.1s
Step  3900/5000 | Loss: 2.3631 | LR: 0.000063 | Time: 27.8s
Step  4000/5000 | Loss: 2.3619 | LR: 0.000058 | Time: 28.4s
  Validation | Loss: 2.4233 | PPL: 11.2829
Step  4100/5000 | Loss: 2.3538 | LR: 0.000053 | Time: 29.2s
Step  4200/5000 | Loss: 2.3615 | LR: 0.000048 | Time: 29.8s
Step  4300/5000 | Loss: 2.3543 | LR: 0.000044 | Time: 30.5s
Step  4400/5000 | Loss: 2.3518 | LR: 0.000040 | Time: 31.2s
Step  4500/5000 | Loss: 2.3569 | LR: 0.000037 | Time: 31.9s
  Validation | Loss: 2.4281 | PPL: 11.3376
Step  4600/5000 | Loss: 2.3515 | LR: 0.000035 | Time: 32.7s
Step  4700/5000 | Loss: 2.3533 | LR: 0.000033 | Time: 33.4s
Step  4800/5000 | Loss: 2.3559 | LR: 0.000031 | Time: 34.1s
Step  4900/5000 | Loss: 2.3453 | LR: 0.000030 | Time: 34.8s
Step  4999/5000 | Loss: 2.3486 | LR: 0.000030 | Time: 35.5s
  Validation | Loss: 2.4312 | PPL: 11.3725

Final evaluation on full validation set...
  Overall PPL: 11.3725
  Discriminating PPL: 1.0038
  Accuracy: 1.0000

Results saved to ./results/gmlp_copy_short_42.json
Total training time: 35.6s (0.6 min)
